apiVersion: networking.k8s.io/v1
kind: NetworkPolicy
metadata:
  creationTimestamp: null
  name: shippingservice-network
  namespace: demo
spec:
  ingress:
  - from:
    - podSelector:
        matchLabels:
          app: checkoutservice
    ports:
    - port: 50051
      protocol: TCP
  podSelector:
    matchLabels:
      app: shippingservice
  policyTypes:
  - Ingress
  - Egress
